{
  "virtual_hosts": [
   {
    "name": "httpbin.default.svc.cluster.local",
    "domains": [
     "httpbin.default.svc.cluster.local"
    ],
    "routes": [
     {
      "prefix": "/",
      "cluster": "ae8d3361601f8293abe6ac5e4d807124612cf42e",
      "opaque_config": {
       "mixer_check": "on",
       "mixer_forward": "off",
       "mixer_report": "on"
      },
      "auto_host_rewrite": true
     }
    ]
   },
   {
    "name": "httpsbin.default.svc.cluster.local",
    "domains": [
     "httpsbin.default.svc.cluster.local"
    ],
    "routes": [
     {
      "prefix": "/",
      "cluster": "242bc3028e0f3fe0682e6d972e167ab415b2321d",
      "opaque_config": {
       "mixer_check": "on",
       "mixer_forward": "off",
       "mixer_report": "on"
      },
      "auto_host_rewrite": true
     }
    ]
   }
  ]
 }